// Jest Snapshot v1, https://goo.gl/fbAQLP

exports[`Head to render document.head 1`] = `null`;
