// Jest Snapshot v1, https://goo.gl/fbAQLP

exports[`Button to render document.head 1`] = `
<button
  className="jsx-3752195309"
  data-cid="eWRhpRV"
  onClick={[Function]}
>
  Hello World
</button>
`;
